Java HotSpot(TM) 64-Bit Server VM (25.231-b11) for windows-amd64 JRE (1.8.0_231-b11), built on Oct  5 2019 03:11:30 by "java_re" with MS VC++ 10.0 (VS2010)
Memory: 4k page, physical 16694724k(8403016k free), swap 37666244k(16478684k free)
CommandLine flags: -XX:InitialHeapSize=268435456 -XX:MaxHeapSize=268435456 -XX:+PrintGC -XX:+PrintGCDateStamps -XX:+PrintGCDetails -XX:+PrintGCTimeStamps -XX:+UseCompressedClassPointers -XX:+UseCompressedOops -XX:-UseLargePagesIndividualAllocation -XX:+UseSerialGC 
2020-10-28T22:00:48.318+0800: 0.093: [GC (Allocation Failure) 2020-10-28T22:00:48.318+0800: 0.093: [DefNew: 69952K->8704K(78656K), 0.0098623 secs] 69952K->24721K(253440K), 0.0099836 secs] [Times: user=0.02 sys=0.00, real=0.01 secs] 
2020-10-28T22:00:48.336+0800: 0.111: [GC (Allocation Failure) 2020-10-28T22:00:48.336+0800: 0.111: [DefNew: 78205K->8702K(78656K), 0.0128616 secs] 94222K->49748K(253440K), 0.0129023 secs] [Times: user=0.00 sys=0.02, real=0.01 secs] 
2020-10-28T22:00:48.355+0800: 0.130: [GC (Allocation Failure) 2020-10-28T22:00:48.355+0800: 0.130: [DefNew: 78530K->8700K(78656K), 0.0109245 secs] 119576K->76478K(253440K), 0.0109652 secs] [Times: user=0.00 sys=0.02, real=0.01 secs] 
2020-10-28T22:00:48.373+0800: 0.148: [GC (Allocation Failure) 2020-10-28T22:00:48.373+0800: 0.148: [DefNew: 78450K->8698K(78656K), 0.0105671 secs] 146228K->101530K(253440K), 0.0106059 secs] [Times: user=0.00 sys=0.00, real=0.01 secs] 
2020-10-28T22:00:48.391+0800: 0.165: [GC (Allocation Failure) 2020-10-28T22:00:48.391+0800: 0.165: [DefNew: 78650K->8701K(78656K), 0.0100723 secs] 171482K->126114K(253440K), 0.0101093 secs] [Times: user=0.00 sys=0.00, real=0.01 secs] 
2020-10-28T22:00:48.409+0800: 0.183: [GC (Allocation Failure) 2020-10-28T22:00:48.409+0800: 0.183: [DefNew: 78190K->8697K(78656K), 0.0102583 secs] 195602K->150249K(253440K), 0.0102977 secs] [Times: user=0.00 sys=0.02, real=0.01 secs] 
2020-10-28T22:00:48.425+0800: 0.200: [GC (Allocation Failure) 2020-10-28T22:00:48.425+0800: 0.200: [DefNew: 78649K->8703K(78656K), 0.0105408 secs] 220201K->175968K(253440K), 0.0105795 secs] [Times: user=0.00 sys=0.01, real=0.01 secs] 
2020-10-28T22:00:48.442+0800: 0.217: [GC (Allocation Failure) 2020-10-28T22:00:48.442+0800: 0.217: [DefNew: 78227K->78227K(78656K), 0.0000112 secs]2020-10-28T22:00:48.442+0800: 0.217: [Tenured: 167265K->171119K(174784K), 0.0176764 secs] 245492K->171119K(253440K), [Metaspace: 2765K->2765K(1056768K)], 0.0177422 secs] [Times: user=0.02 sys=0.00, real=0.02 secs] 
2020-10-28T22:00:48.467+0800: 0.243: [GC (Allocation Failure) 2020-10-28T22:00:48.467+0800: 0.243: [DefNew: 69907K->69907K(78656K), 0.0000108 secs]2020-10-28T22:00:48.467+0800: 0.243: [Tenured: 171119K->174777K(174784K), 0.0194528 secs] 241027K->185382K(253440K), [Metaspace: 2765K->2765K(1056768K)], 0.0195131 secs] [Times: user=0.02 sys=0.00, real=0.02 secs] 
2020-10-28T22:00:48.494+0800: 0.269: [Full GC (Allocation Failure) 2020-10-28T22:00:48.494+0800: 0.269: [Tenured: 174777K->174668K(174784K), 0.0170558 secs] 253413K->198890K(253440K), [Metaspace: 2765K->2765K(1056768K)], 0.0171007 secs] [Times: user=0.01 sys=0.00, real=0.02 secs] 
2020-10-28T22:00:48.517+0800: 0.292: [Full GC (Allocation Failure) 2020-10-28T22:00:48.517+0800: 0.292: [Tenured: 174668K->174599K(174784K), 0.0212501 secs] 252851K->196790K(253440K), [Metaspace: 2765K->2765K(1056768K)], 0.0212947 secs] [Times: user=0.02 sys=0.00, real=0.02 secs] 
2020-10-28T22:00:48.544+0800: 0.319: [Full GC (Allocation Failure) 2020-10-28T22:00:48.544+0800: 0.320: [Tenured: 174771K->174771K(174784K), 0.0055489 secs] 253422K->217646K(253440K), [Metaspace: 2765K->2765K(1056768K)], 0.0055936 secs] [Times: user=0.00 sys=0.00, real=0.01 secs] 
2020-10-28T22:00:48.554+0800: 0.329: [Full GC (Allocation Failure) 2020-10-28T22:00:48.554+0800: 0.329: [Tenured: 174771K->174622K(174784K), 0.0113188 secs] 252763K->221182K(253440K), [Metaspace: 2765K->2765K(1056768K)], 0.0113626 secs] [Times: user=0.02 sys=0.00, real=0.01 secs] 
2020-10-28T22:00:48.568+0800: 0.343: [Full GC (Allocation Failure) 2020-10-28T22:00:48.568+0800: 0.343: [Tenured: 174622K->174457K(174784K), 0.0139479 secs] 252870K->229737K(253440K), [Metaspace: 2765K->2765K(1056768K)], 0.0139893 secs] [Times: user=0.01 sys=0.00, real=0.01 secs] 
2020-10-28T22:00:48.584+0800: 0.359: [Full GC (Allocation Failure) 2020-10-28T22:00:48.584+0800: 0.359: [Tenured: 174745K->174587K(174784K), 0.0239235 secs] 253347K->223337K(253440K), [Metaspace: 2765K->2765K(1056768K)], 0.0239627 secs] [Times: user=0.03 sys=0.00, real=0.02 secs] 
2020-10-28T22:00:48.611+0800: 0.386: [Full GC (Allocation Failure) 2020-10-28T22:00:48.611+0800: 0.386: [Tenured: 174587K->174587K(174784K), 0.0067090 secs] 253111K->233191K(253440K), [Metaspace: 2765K->2765K(1056768K)], 0.0067477 secs] [Times: user=0.00 sys=0.00, real=0.01 secs] 
2020-10-28T22:00:48.620+0800: 0.395: [Full GC (Allocation Failure) 2020-10-28T22:00:48.620+0800: 0.395: [Tenured: 174737K->174729K(174784K), 0.0110119 secs] 253369K->233821K(253440K), [Metaspace: 2765K->2765K(1056768K)], 0.0110494 secs] [Times: user=0.02 sys=0.00, real=0.01 secs] 
2020-10-28T22:00:48.633+0800: 0.408: [Full GC (Allocation Failure) 2020-10-28T22:00:48.633+0800: 0.408: [Tenured: 174729K->174452K(174784K), 0.0144613 secs] 253185K->235824K(253440K), [Metaspace: 2765K->2765K(1056768K)], 0.0144984 secs] [Times: user=0.02 sys=0.00, real=0.02 secs] 
2020-10-28T22:00:48.650+0800: 0.424: [Full GC (Allocation Failure) 2020-10-28T22:00:48.650+0800: 0.424: [Tenured: 174697K->174451K(174784K), 0.0247237 secs] 253305K->229278K(253440K), [Metaspace: 2765K->2765K(1056768K)], 0.0247616 secs] [Times: user=0.03 sys=0.00, real=0.02 secs] 
2020-10-28T22:00:48.677+0800: 0.452: [Full GC (Allocation Failure) 2020-10-28T22:00:48.677+0800: 0.452: [Tenured: 174696K->174696K(174784K), 0.0041898 secs] 253319K->237007K(253440K), [Metaspace: 2765K->2765K(1056768K)], 0.0042217 secs] [Times: user=0.00 sys=0.00, real=0.00 secs] 
2020-10-28T22:00:48.683+0800: 0.458: [Full GC (Allocation Failure) 2020-10-28T22:00:48.683+0800: 0.458: [Tenured: 174696K->174696K(174784K), 0.0075509 secs] 253049K->243280K(253440K), [Metaspace: 2765K->2765K(1056768K)], 0.0075820 secs] [Times: user=0.02 sys=0.00, real=0.01 secs] 
2020-10-28T22:00:48.692+0800: 0.466: [Full GC (Allocation Failure) 2020-10-28T22:00:48.692+0800: 0.466: [Tenured: 174696K->174696K(174784K), 0.0043498 secs] 253181K->246780K(253440K), [Metaspace: 2765K->2765K(1056768K)], 0.0043736 secs] [Times: user=0.00 sys=0.00, real=0.00 secs] 
2020-10-28T22:00:48.697+0800: 0.471: [Full GC (Allocation Failure) 2020-10-28T22:00:48.697+0800: 0.471: [Tenured: 174696K->174721K(174784K), 0.0244717 secs] 253224K->238913K(253440K), [Metaspace: 2765K->2765K(1056768K)], 0.0245021 secs] [Times: user=0.03 sys=0.00, real=0.02 secs] 
2020-10-28T22:00:48.723+0800: 0.498: [Full GC (Allocation Failure) 2020-10-28T22:00:48.723+0800: 0.498: [Tenured: 174721K->174721K(174784K), 0.0027296 secs] 253144K->243282K(253440K), [Metaspace: 2765K->2765K(1056768K)], 0.0027560 secs] [Times: user=0.00 sys=0.00, real=0.00 secs] 
2020-10-28T22:00:48.727+0800: 0.501: [Full GC (Allocation Failure) 2020-10-28T22:00:48.727+0800: 0.501: [Tenured: 174721K->174721K(174784K), 0.0039787 secs] 253178K->246801K(253440K), [Metaspace: 2765K->2765K(1056768K)], 0.0040050 secs] [Times: user=0.01 sys=0.00, real=0.00 secs] 
2020-10-28T22:00:48.731+0800: 0.506: [Full GC (Allocation Failure) 2020-10-28T22:00:48.731+0800: 0.506: [Tenured: 174778K->174778K(174784K), 0.0082959 secs] 253421K->248446K(253440K), [Metaspace: 2765K->2765K(1056768K)], 0.0083297 secs] [Times: user=0.00 sys=0.00, real=0.01 secs] 
2020-10-28T22:00:48.740+0800: 0.515: [Full GC (Allocation Failure) 2020-10-28T22:00:48.740+0800: 0.515: [Tenured: 174778K->174567K(174784K), 0.0254739 secs] 253185K->240682K(253440K), [Metaspace: 2765K->2765K(1056768K)], 0.0255088 secs] [Times: user=0.03 sys=0.00, real=0.03 secs] 
2020-10-28T22:00:48.767+0800: 0.542: [Full GC (Allocation Failure) 2020-10-28T22:00:48.767+0800: 0.542: [Tenured: 174783K->174783K(174784K), 0.0076217 secs] 253376K->244783K(253440K), [Metaspace: 2765K->2765K(1056768K)], 0.0076564 secs] [Times: user=0.00 sys=0.00, real=0.01 secs] 
2020-10-28T22:00:48.776+0800: 0.551: [Full GC (Allocation Failure) 2020-10-28T22:00:48.776+0800: 0.551: [Tenured: 174783K->174783K(174784K), 0.0081348 secs] 253376K->246666K(253440K), [Metaspace: 2765K->2765K(1056768K)], 0.0081692 secs] [Times: user=0.02 sys=0.00, real=0.01 secs] 
2020-10-28T22:00:48.785+0800: 0.559: [Full GC (Allocation Failure) 2020-10-28T22:00:48.785+0800: 0.559: [Tenured: 174783K->174783K(174784K), 0.0078983 secs] 253147K->249009K(253440K), [Metaspace: 2765K->2765K(1056768K)], 0.0079343 secs] [Times: user=0.00 sys=0.00, real=0.01 secs] 
2020-10-28T22:00:48.793+0800: 0.568: [Full GC (Allocation Failure) 2020-10-28T22:00:48.793+0800: 0.568: [Tenured: 174783K->174686K(174784K), 0.0257486 secs] 253302K->246513K(253440K), [Metaspace: 2765K->2765K(1056768K)], 0.0257814 secs] [Times: user=0.03 sys=0.00, real=0.03 secs] 
2020-10-28T22:00:48.819+0800: 0.594: [Full GC (Allocation Failure) 2020-10-28T22:00:48.819+0800: 0.594: [Tenured: 174686K->174686K(174784K), 0.0080532 secs] 253287K->249487K(253440K), [Metaspace: 2765K->2765K(1056768K)], 0.0080876 secs] [Times: user=0.01 sys=0.00, real=0.01 secs] 
2020-10-28T22:00:48.828+0800: 0.603: [Full GC (Allocation Failure) 2020-10-28T22:00:48.828+0800: 0.603: [Tenured: 174686K->174686K(174784K), 0.0013152 secs] 253272K->250487K(253440K), [Metaspace: 2765K->2765K(1056768K)], 0.0013390 secs] [Times: user=0.00 sys=0.00, real=0.00 secs] 
2020-10-28T22:00:48.829+0800: 0.604: [Full GC (Allocation Failure) 2020-10-28T22:00:48.829+0800: 0.604: [Tenured: 174722K->174722K(174784K), 0.0008719 secs] 253347K->250573K(253440K), [Metaspace: 2765K->2765K(1056768K)], 0.0008905 secs] [Times: user=0.00 sys=0.00, real=0.00 secs] 
2020-10-28T22:00:48.830+0800: 0.606: [Full GC (Allocation Failure) 2020-10-28T22:00:48.830+0800: 0.606: [Tenured: 174722K->174684K(174784K), 0.0237688 secs] 253213K->250594K(253440K), [Metaspace: 2765K->2765K(1056768K)], 0.0238022 secs] [Times: user=0.02 sys=0.00, real=0.02 secs] 
2020-10-28T22:00:48.855+0800: 0.630: [Full GC (Allocation Failure) 2020-10-28T22:00:48.855+0800: 0.630: [Tenured: 174684K->174684K(174784K), 0.0033213 secs] 253020K->251250K(253440K), [Metaspace: 2765K->2765K(1056768K)], 0.0033450 secs] [Times: user=0.00 sys=0.00, real=0.00 secs] 
2020-10-28T22:00:48.858+0800: 0.633: [Full GC (Allocation Failure) 2020-10-28T22:00:48.858+0800: 0.633: [Tenured: 174684K->174684K(174784K), 0.0063883 secs] 252780K->250876K(253440K), [Metaspace: 2765K->2765K(1056768K)], 0.0064192 secs] [Times: user=0.00 sys=0.00, real=0.01 secs] 
2020-10-28T22:00:48.865+0800: 0.640: [Full GC (Allocation Failure) 2020-10-28T22:00:48.865+0800: 0.640: [Tenured: 174752K->174752K(174784K), 0.0012101 secs] 253407K->251784K(253440K), [Metaspace: 2765K->2765K(1056768K)], 0.0012317 secs] [Times: user=0.00 sys=0.00, real=0.00 secs] 
2020-10-28T22:00:48.867+0800: 0.642: [Full GC (Allocation Failure) 2020-10-28T22:00:48.867+0800: 0.642: [Tenured: 174752K->174214K(174784K), 0.0212787 secs] 253400K->250638K(253440K), [Metaspace: 2765K->2765K(1056768K)], 0.0213105 secs] [Times: user=0.03 sys=0.00, real=0.02 secs] 
2020-10-28T22:00:48.888+0800: 0.663: [Full GC (Allocation Failure) 2020-10-28T22:00:48.888+0800: 0.663: [Tenured: 174614K->174614K(174784K), 0.0013190 secs] 253233K->251551K(253440K), [Metaspace: 2765K->2765K(1056768K)], 0.0013412 secs] [Times: user=0.00 sys=0.00, real=0.00 secs] 
2020-10-28T22:00:48.890+0800: 0.665: [Full GC (Allocation Failure) 2020-10-28T22:00:48.890+0800: 0.665: [Tenured: 174614K->174614K(174784K), 0.0008567 secs] 253100K->252282K(253440K), [Metaspace: 2765K->2765K(1056768K)], 0.0008752 secs] [Times: user=0.00 sys=0.00, real=0.00 secs] 
2020-10-28T22:00:48.891+0800: 0.666: [Full GC (Allocation Failure) 2020-10-28T22:00:48.891+0800: 0.666: [Tenured: 174614K->174614K(174784K), 0.0008075 secs] 252982K->252725K(253440K), [Metaspace: 2765K->2765K(1056768K)], 0.0008253 secs] [Times: user=0.00 sys=0.00, real=0.00 secs] 
2020-10-28T22:00:48.892+0800: 0.667: [Full GC (Allocation Failure) 2020-10-28T22:00:48.892+0800: 0.667: [Tenured: 174614K->174311K(174784K), 0.0242849 secs] 252725K->251320K(253440K), [Metaspace: 2765K->2765K(1056768K)], 0.0243161 secs] [Times: user=0.02 sys=0.00, real=0.02 secs] 
2020-10-28T22:00:48.916+0800: 0.691: [Full GC (Allocation Failure) 2020-10-28T22:00:48.916+0800: 0.691: [Tenured: 174772K->174772K(174784K), 0.0065137 secs] 253393K->251926K(253440K), [Metaspace: 2765K->2765K(1056768K)], 0.0065458 secs] [Times: user=0.02 sys=0.00, real=0.01 secs] 
2020-10-28T22:00:48.923+0800: 0.698: [Full GC (Allocation Failure) 2020-10-28T22:00:48.923+0800: 0.698: [Tenured: 174772K->174772K(174784K), 0.0011992 secs] 253422K->252362K(253440K), [Metaspace: 2765K->2765K(1056768K)], 0.0012200 secs] [Times: user=0.00 sys=0.00, real=0.00 secs] 
2020-10-28T22:00:48.924+0800: 0.700: [Full GC (Allocation Failure) 2020-10-28T22:00:48.924+0800: 0.700: [Tenured: 174772K->174772K(174784K), 0.0009007 secs] 253151K->253081K(253440K), [Metaspace: 2765K->2765K(1056768K)], 0.0009184 secs] [Times: user=0.00 sys=0.00, real=0.00 secs] 
2020-10-28T22:00:48.925+0800: 0.700: [Full GC (Allocation Failure) 2020-10-28T22:00:48.925+0800: 0.700: [Tenured: 174772K->174730K(174784K), 0.0239389 secs] 253081K->252069K(253440K), [Metaspace: 2765K->2765K(1056768K)], 0.0239667 secs] [Times: user=0.03 sys=0.00, real=0.02 secs] 
2020-10-28T22:00:48.950+0800: 0.725: [Full GC (Allocation Failure) 2020-10-28T22:00:48.950+0800: 0.725: [Tenured: 174730K->174730K(174784K), 0.0012305 secs] 253328K->252159K(253440K), [Metaspace: 2765K->2765K(1056768K)], 0.0012522 secs] [Times: user=0.00 sys=0.00, real=0.00 secs] 
2020-10-28T22:00:48.951+0800: 0.726: [Full GC (Allocation Failure) 2020-10-28T22:00:48.951+0800: 0.726: [Tenured: 174730K->174730K(174784K), 0.0008626 secs] 253243K->252670K(253440K), [Metaspace: 2765K->2765K(1056768K)], 0.0008807 secs] [Times: user=0.00 sys=0.00, real=0.00 secs] 
2020-10-28T22:00:48.952+0800: 0.727: [Full GC (Allocation Failure) 2020-10-28T22:00:48.952+0800: 0.727: [Tenured: 174730K->174730K(174784K), 0.0058569 secs] 253338K->252709K(253440K), [Metaspace: 2765K->2765K(1056768K)], 0.0058758 secs] [Times: user=0.00 sys=0.00, real=0.01 secs] 
2020-10-28T22:00:48.958+0800: 0.733: [Full GC (Allocation Failure) 2020-10-28T22:00:48.958+0800: 0.733: [Tenured: 174730K->174709K(174784K), 0.0217301 secs] 253329K->251095K(253440K), [Metaspace: 2765K->2765K(1056768K)], 0.0217641 secs] [Times: user=0.02 sys=0.00, real=0.02 secs] 
2020-10-28T22:00:48.980+0800: 0.755: [Full GC (Allocation Failure) 2020-10-28T22:00:48.980+0800: 0.755: [Tenured: 174709K->174709K(174784K), 0.0013273 secs] 253334K->251304K(253440K), [Metaspace: 2765K->2765K(1056768K)], 0.0013555 secs] [Times: user=0.01 sys=0.00, real=0.00 secs] 
2020-10-28T22:00:48.982+0800: 0.757: [Full GC (Allocation Failure) 2020-10-28T22:00:48.982+0800: 0.757: [Tenured: 174709K->174709K(174784K), 0.0037837 secs] 253091K->252625K(253440K), [Metaspace: 2765K->2765K(1056768K)], 0.0038060 secs] [Times: user=0.00 sys=0.00, real=0.00 secs] 
2020-10-28T22:00:48.986+0800: 0.761: [Full GC (Allocation Failure) 2020-10-28T22:00:48.986+0800: 0.761: [Tenured: 174781K->174781K(174784K), 0.0009002 secs] 253360K->252697K(253440K), [Metaspace: 2765K->2765K(1056768K)], 0.0009193 secs] [Times: user=0.00 sys=0.00, real=0.00 secs] 
2020-10-28T22:00:48.987+0800: 0.762: [Full GC (Allocation Failure) 2020-10-28T22:00:48.987+0800: 0.762: [Tenured: 174781K->174296K(174784K), 0.0112768 secs] 253106K->252236K(253440K), [Metaspace: 2765K->2765K(1056768K)], 0.0113097 secs] [Times: user=0.02 sys=0.00, real=0.01 secs] 
2020-10-28T22:00:48.999+0800: 0.773: [Full GC (Allocation Failure) 2020-10-28T22:00:48.999+0800: 0.773: [Tenured: 174778K->174778K(174784K), 0.0012196 secs] 253361K->252719K(253440K), [Metaspace: 2765K->2765K(1056768K)], 0.0012417 secs] [Times: user=0.00 sys=0.00, real=0.00 secs] 
2020-10-28T22:00:49.000+0800: 0.775: [Full GC (Allocation Failure) 2020-10-28T22:00:49.000+0800: 0.775: [Tenured: 174778K->174778K(174784K), 0.0008436 secs] 253381K->252851K(253440K), [Metaspace: 2765K->2765K(1056768K)], 0.0008616 secs] [Times: user=0.00 sys=0.00, real=0.00 secs] 
2020-10-28T22:00:49.001+0800: 0.776: [Full GC (Allocation Failure) 2020-10-28T22:00:49.001+0800: 0.776: [Tenured: 174778K->174778K(174784K), 0.0070717 secs] 253327K->252806K(253440K), [Metaspace: 2765K->2765K(1056768K)], 0.0071038 secs] [Times: user=0.00 sys=0.00, real=0.01 secs] 
2020-10-28T22:00:49.008+0800: 0.783: [Full GC (Allocation Failure) 2020-10-28T22:00:49.008+0800: 0.783: [Tenured: 174778K->174247K(174784K), 0.0134407 secs] 253252K->252491K(253440K), [Metaspace: 2765K->2765K(1056768K)], 0.0134762 secs] [Times: user=0.02 sys=0.00, real=0.01 secs] 
2020-10-28T22:00:49.022+0800: 0.797: [Full GC (Allocation Failure) 2020-10-28T22:00:49.022+0800: 0.797: [Tenured: 174712K->174712K(174784K), 0.0011842 secs] 253337K->252668K(253440K), [Metaspace: 2765K->2765K(1056768K)], 0.0012064 secs] [Times: user=0.00 sys=0.00, real=0.00 secs] 
2020-10-28T22:00:49.024+0800: 0.798: [Full GC (Allocation Failure) 2020-10-28T22:00:49.024+0800: 0.798: [Tenured: 174712K->174712K(174784K), 0.0008316 secs] 253289K->252822K(253440K), [Metaspace: 2765K->2765K(1056768K)], 0.0008493 secs] [Times: user=0.00 sys=0.00, real=0.00 secs] 
2020-10-28T22:00:49.025+0800: 0.799: [Full GC (Allocation Failure) 2020-10-28T22:00:49.025+0800: 0.799: [Tenured: 174712K->174712K(174784K), 0.0054313 secs] 253296K->253043K(253440K), [Metaspace: 2765K->2765K(1056768K)], 0.0054645 secs] [Times: user=0.02 sys=0.00, real=0.00 secs] 
2020-10-28T22:00:49.030+0800: 0.805: [Full GC (Allocation Failure) 2020-10-28T22:00:49.030+0800: 0.805: [Tenured: 174712K->174684K(174784K), 0.0235354 secs] 253323K->251991K(253440K), [Metaspace: 2765K->2765K(1056768K)], 0.0235733 secs] [Times: user=0.02 sys=0.00, real=0.02 secs] 
2020-10-28T22:00:49.054+0800: 0.829: [Full GC (Allocation Failure) 2020-10-28T22:00:49.054+0800: 0.829: [Tenured: 174740K->174740K(174784K), 0.0013328 secs] 253367K->252253K(253440K), [Metaspace: 2765K->2765K(1056768K)], 0.0013537 secs] [Times: user=0.00 sys=0.00, real=0.00 secs] 
2020-10-28T22:00:49.056+0800: 0.830: [Full GC (Allocation Failure) 2020-10-28T22:00:49.056+0800: 0.830: [Tenured: 174740K->174740K(174784K), 0.0008576 secs] 253338K->252480K(253440K), [Metaspace: 2765K->2765K(1056768K)], 0.0008759 secs] [Times: user=0.00 sys=0.00, real=0.00 secs] 
2020-10-28T22:00:49.057+0800: 0.832: [Full GC (Allocation Failure) 2020-10-28T22:00:49.057+0800: 0.832: [Tenured: 174740K->174740K(174784K), 0.0007932 secs] 253350K->252603K(253440K), [Metaspace: 2765K->2765K(1056768K)], 0.0008111 secs] [Times: user=0.00 sys=0.00, real=0.00 secs] 
2020-10-28T22:00:49.058+0800: 0.833: [Full GC (Allocation Failure) 2020-10-28T22:00:49.058+0800: 0.833: [Tenured: 174740K->174603K(174784K), 0.0137670 secs] 253376K->252613K(253440K), [Metaspace: 2765K->2765K(1056768K)], 0.0137964 secs] [Times: user=0.02 sys=0.00, real=0.01 secs] 
2020-10-28T22:00:49.072+0800: 0.847: [Full GC (Allocation Failure) 2020-10-28T22:00:49.072+0800: 0.847: [Tenured: 174603K->174603K(174784K), 0.0018031 secs] 253084K->252212K(253440K), [Metaspace: 2765K->2765K(1056768K)], 0.0018249 secs] [Times: user=0.00 sys=0.00, real=0.00 secs] 
2020-10-28T22:00:49.074+0800: 0.848: [Full GC (Allocation Failure) 2020-10-28T22:00:49.074+0800: 0.848: [Tenured: 174603K->174603K(174784K), 0.0008379 secs] 252863K->252562K(253440K), [Metaspace: 2765K->2765K(1056768K)], 0.0008561 secs] [Times: user=0.01 sys=0.00, real=0.00 secs] 
2020-10-28T22:00:49.075+0800: 0.849: [Full GC (Allocation Failure) 2020-10-28T22:00:49.075+0800: 0.849: [Tenured: 174603K->174345K(174784K), 0.0183714 secs] 252562K->251787K(253440K), [Metaspace: 2765K->2765K(1056768K)], 0.0184007 secs] [Times: user=0.02 sys=0.00, real=0.02 secs] 
2020-10-28T22:00:49.093+0800: 0.868: [Full GC (Allocation Failure) 2020-10-28T22:00:49.093+0800: 0.868: [Tenured: 174758K->174691K(174784K), 0.0223992 secs] 253392K->251975K(253440K), [Metaspace: 2765K->2765K(1056768K)], 0.0224344 secs] [Times: user=0.01 sys=0.00, real=0.02 secs] 
2020-10-28T22:00:49.116+0800: 0.891: [Full GC (Allocation Failure) 2020-10-28T22:00:49.116+0800: 0.891: [Tenured: 174691K->174691K(174784K), 0.0013027 secs] 253222K->252231K(253440K), [Metaspace: 2765K->2765K(1056768K)], 0.0013566 secs] [Times: user=0.00 sys=0.00, real=0.00 secs] 
2020-10-28T22:00:49.118+0800: 0.892: [Full GC (Allocation Failure) 2020-10-28T22:00:49.118+0800: 0.892: [Tenured: 174691K->174691K(174784K), 0.0008642 secs] 253128K->252452K(253440K), [Metaspace: 2765K->2765K(1056768K)], 0.0008824 secs] [Times: user=0.00 sys=0.00, real=0.00 secs] 
2020-10-28T22:00:49.119+0800: 0.893: [Full GC (Allocation Failure) 2020-10-28T22:00:49.119+0800: 0.893: [Tenured: 174691K->174691K(174784K), 0.0007904 secs] 253032K->252509K(253440K), [Metaspace: 2765K->2765K(1056768K)], 0.0008086 secs] [Times: user=0.00 sys=0.00, real=0.00 secs] 
2020-10-28T22:00:49.120+0800: 0.894: [Full GC (Allocation Failure) 2020-10-28T22:00:49.120+0800: 0.894: [Tenured: 174691K->174715K(174784K), 0.0211377 secs] 253154K->251260K(253440K), [Metaspace: 2765K->2765K(1056768K)], 0.0211707 secs] [Times: user=0.03 sys=0.00, real=0.02 secs] 
2020-10-28T22:00:49.141+0800: 0.916: [Full GC (Allocation Failure) 2020-10-28T22:00:49.141+0800: 0.916: [Tenured: 174751K->174751K(174784K), 0.0013646 secs] 253395K->251406K(253440K), [Metaspace: 2765K->2765K(1056768K)], 0.0013866 secs] [Times: user=0.00 sys=0.00, real=0.00 secs] 
2020-10-28T22:00:49.143+0800: 0.918: [Full GC (Allocation Failure) 2020-10-28T22:00:49.143+0800: 0.918: [Tenured: 174751K->174751K(174784K), 0.0009036 secs] 253170K->251615K(253440K), [Metaspace: 2765K->2765K(1056768K)], 0.0009224 secs] [Times: user=0.00 sys=0.00, real=0.00 secs] 
2020-10-28T22:00:49.144+0800: 0.919: [Full GC (Allocation Failure) 2020-10-28T22:00:49.144+0800: 0.919: [Tenured: 174751K->174751K(174784K), 0.0074124 secs] 253345K->252313K(253440K), [Metaspace: 2765K->2765K(1056768K)], 0.0074354 secs] [Times: user=0.00 sys=0.00, real=0.01 secs] 
2020-10-28T22:00:49.152+0800: 0.926: [Full GC (Allocation Failure) 2020-10-28T22:00:49.152+0800: 0.926: [Tenured: 174751K->174485K(174784K), 0.0208557 secs] 253317K->251518K(253440K), [Metaspace: 2765K->2765K(1056768K)], 0.0208922 secs] [Times: user=0.03 sys=0.00, real=0.02 secs] 
2020-10-28T22:00:49.172+0800: 0.948: [Full GC (Allocation Failure) 2020-10-28T22:00:49.172+0800: 0.948: [Tenured: 174701K->174701K(174784K), 0.0037560 secs] 253331K->252266K(253440K), [Metaspace: 2765K->2765K(1056768K)], 0.0037797 secs] [Times: user=0.00 sys=0.00, real=0.00 secs] 
2020-10-28T22:00:49.176+0800: 0.951: [Full GC (Allocation Failure) 2020-10-28T22:00:49.176+0800: 0.951: [Tenured: 174701K->174701K(174784K), 0.0012624 secs] 253149K->252560K(253440K), [Metaspace: 2765K->2765K(1056768K)], 0.0012815 secs] [Times: user=0.00 sys=0.00, real=0.00 secs] 
2020-10-28T22:00:49.177+0800: 0.953: [Full GC (Allocation Failure) 2020-10-28T22:00:49.177+0800: 0.953: [Tenured: 174701K->174485K(174784K), 0.0008021 secs] 252560K->252344K(253440K), [Metaspace: 2765K->2765K(1056768K)], 0.0008166 secs] [Times: user=0.00 sys=0.00, real=0.00 secs] 
Heap
 def new generation   total 78656K, used 78362K [0x00000000f0000000, 0x00000000f5550000, 0x00000000f5550000)
  eden space 69952K, 100% used [0x00000000f0000000, 0x00000000f4450000, 0x00000000f4450000)
  from space 8704K,  96% used [0x00000000f4cd0000, 0x00000000f55069e0, 0x00000000f5550000)
  to   space 8704K,   0% used [0x00000000f4450000, 0x00000000f4450000, 0x00000000f4cd0000)
 tenured generation   total 174784K, used 174485K [0x00000000f5550000, 0x0000000100000000, 0x0000000100000000)
   the space 174784K,  99% used [0x00000000f5550000, 0x00000000fffb57d8, 0x00000000fffb5800, 0x0000000100000000)
 Metaspace       used 2795K, capacity 4486K, committed 4864K, reserved 1056768K
  class space    used 310K, capacity 386K, committed 512K, reserved 1048576K
