Java HotSpot(TM) 64-Bit Server VM (25.231-b11) for windows-amd64 JRE (1.8.0_231-b11), built on Oct  5 2019 03:11:30 by "java_re" with MS VC++ 10.0 (VS2010)
Memory: 4k page, physical 16694724k(8267824k free), swap 37666244k(16312292k free)
CommandLine flags: -XX:InitialHeapSize=1073741824 -XX:MaxHeapSize=1073741824 -XX:+PrintGC -XX:+PrintGCDateStamps -XX:+PrintGCDetails -XX:+PrintGCTimeStamps -XX:+UseCompressedClassPointers -XX:+UseCompressedOops -XX:-UseLargePagesIndividualAllocation -XX:+UseSerialGC 
2020-10-28T22:17:37.769+0800: 0.172: [GC (Allocation Failure) 2020-10-28T22:17:37.769+0800: 0.172: [DefNew: 279616K->34944K(314560K), 0.0320499 secs] 279616K->84940K(1013632K), 0.0321677 secs] [Times: user=0.00 sys=0.03, real=0.03 secs] 
2020-10-28T22:17:37.834+0800: 0.236: [GC (Allocation Failure) 2020-10-28T22:17:37.834+0800: 0.236: [DefNew: 314560K->34943K(314560K), 0.0420410 secs] 364556K->162439K(1013632K), 0.0420857 secs] [Times: user=0.03 sys=0.02, real=0.04 secs] 
2020-10-28T22:17:37.904+0800: 0.306: [GC (Allocation Failure) 2020-10-28T22:17:37.904+0800: 0.306: [DefNew: 314559K->34943K(314560K), 0.0308405 secs] 442055K->234944K(1013632K), 0.0308860 secs] [Times: user=0.02 sys=0.01, real=0.03 secs] 
2020-10-28T22:17:37.960+0800: 0.362: [GC (Allocation Failure) 2020-10-28T22:17:37.960+0800: 0.362: [DefNew: 314059K->34944K(314560K), 0.0311844 secs] 514061K->307877K(1013632K), 0.0312295 secs] [Times: user=0.02 sys=0.02, real=0.03 secs] 
2020-10-28T22:17:38.015+0800: 0.417: [GC (Allocation Failure) 2020-10-28T22:17:38.015+0800: 0.417: [DefNew: 314560K->34943K(314560K), 0.0366972 secs] 587493K->396540K(1013632K), 0.0367540 secs] [Times: user=0.02 sys=0.01, real=0.04 secs] 
2020-10-28T22:17:38.074+0800: 0.477: [GC (Allocation Failure) 2020-10-28T22:17:38.074+0800: 0.477: [DefNew: 314559K->34943K(314560K), 0.0352996 secs] 676156K->481156K(1013632K), 0.0353420 secs] [Times: user=0.03 sys=0.00, real=0.04 secs] 
2020-10-28T22:17:38.133+0800: 0.536: [GC (Allocation Failure) 2020-10-28T22:17:38.133+0800: 0.536: [DefNew: 314559K->34943K(314560K), 0.0340213 secs] 760772K->562096K(1013632K), 0.0340625 secs] [Times: user=0.01 sys=0.02, real=0.03 secs] 
2020-10-28T22:17:38.192+0800: 0.594: [GC (Allocation Failure) 2020-10-28T22:17:38.192+0800: 0.594: [DefNew: 314559K->34944K(314560K), 0.0323448 secs] 841712K->638684K(1013632K), 0.0323915 secs] [Times: user=0.00 sys=0.03, real=0.03 secs] 
2020-10-28T22:17:38.250+0800: 0.652: [GC (Allocation Failure) 2020-10-28T22:17:38.250+0800: 0.652: [DefNew: 314560K->314560K(314560K), 0.0000103 secs]2020-10-28T22:17:38.250+0800: 0.652: [Tenured: 603740K->372797K(699072K), 0.0375907 secs] 918300K->372797K(1013632K), [Metaspace: 2765K->2765K(1056768K)], 0.0376573 secs] [Times: user=0.03 sys=0.00, real=0.04 secs] 
2020-10-28T22:17:38.313+0800: 0.716: [GC (Allocation Failure) 2020-10-28T22:17:38.314+0800: 0.716: [DefNew: 279616K->34943K(314560K), 0.0098677 secs] 652413K->457765K(1013632K), 0.0099177 secs] [Times: user=0.00 sys=0.00, real=0.01 secs] 
2020-10-28T22:17:38.350+0800: 0.752: [GC (Allocation Failure) 2020-10-28T22:17:38.350+0800: 0.752: [DefNew: 314559K->34943K(314560K), 0.0123161 secs] 737381K->531426K(1013632K), 0.0123645 secs] [Times: user=0.02 sys=0.00, real=0.01 secs] 
2020-10-28T22:17:38.385+0800: 0.787: [GC (Allocation Failure) 2020-10-28T22:17:38.385+0800: 0.787: [DefNew: 314559K->34943K(314560K), 0.0139275 secs] 811042K->617571K(1013632K), 0.0139720 secs] [Times: user=0.02 sys=0.00, real=0.01 secs] 
2020-10-28T22:17:38.423+0800: 0.826: [GC (Allocation Failure) 2020-10-28T22:17:38.423+0800: 0.826: [DefNew: 314559K->34943K(314560K), 0.0293511 secs] 897187K->700591K(1013632K), 0.0293938 secs] [Times: user=0.01 sys=0.02, real=0.03 secs] 
2020-10-28T22:17:38.477+0800: 0.880: [GC (Allocation Failure) 2020-10-28T22:17:38.477+0800: 0.880: [DefNew: 314559K->314559K(314560K), 0.0000113 secs]2020-10-28T22:17:38.477+0800: 0.880: [Tenured: 665647K->402036K(699072K), 0.0412036 secs] 980207K->402036K(1013632K), [Metaspace: 2765K->2765K(1056768K)], 0.0412656 secs] [Times: user=0.05 sys=0.00, real=0.04 secs] 
2020-10-28T22:17:38.541+0800: 0.944: [GC (Allocation Failure) 2020-10-28T22:17:38.541+0800: 0.944: [DefNew: 279616K->34943K(314560K), 0.0108462 secs] 681652K->498661K(1013632K), 0.0108946 secs] [Times: user=0.01 sys=0.00, real=0.01 secs] 
2020-10-28T22:17:38.578+0800: 0.981: [GC (Allocation Failure) 2020-10-28T22:17:38.578+0800: 0.981: [DefNew: 314559K->34944K(314560K), 0.0138151 secs] 778277K->582383K(1013632K), 0.0138635 secs] [Times: user=0.02 sys=0.00, real=0.01 secs] 
2020-10-28T22:17:38.620+0800: 1.022: [GC (Allocation Failure) 2020-10-28T22:17:38.620+0800: 1.022: [DefNew: 314560K->34943K(314560K), 0.0131668 secs] 861999K->660027K(1013632K), 0.0132159 secs] [Times: user=0.02 sys=0.00, real=0.01 secs] 
Heap
 def new generation   total 314560K, used 298016K [0x00000000c0000000, 0x00000000d5550000, 0x00000000d5550000)
  eden space 279616K,  94% used [0x00000000c0000000, 0x00000000d00e8118, 0x00000000d1110000)
  from space 34944K,  99% used [0x00000000d3330000, 0x00000000d554fff8, 0x00000000d5550000)
  to   space 34944K,   0% used [0x00000000d1110000, 0x00000000d1110000, 0x00000000d3330000)
 tenured generation   total 699072K, used 625083K [0x00000000d5550000, 0x0000000100000000, 0x0000000100000000)
   the space 699072K,  89% used [0x00000000d5550000, 0x00000000fb7bece8, 0x00000000fb7bee00, 0x0000000100000000)
 Metaspace       used 2771K, capacity 4486K, committed 4864K, reserved 1056768K
  class space    used 307K, capacity 386K, committed 512K, reserved 1048576K
