Java HotSpot(TM) 64-Bit Server VM (25.231-b11) for windows-amd64 JRE (1.8.0_231-b11), built on Oct  5 2019 03:11:30 by "java_re" with MS VC++ 10.0 (VS2010)
Memory: 4k page, physical 16694724k(8256192k free), swap 37666244k(16427260k free)
CommandLine flags: -XX:InitialHeapSize=536870912 -XX:MaxHeapSize=536870912 -XX:+PrintGC -XX:+PrintGCDateStamps -XX:+PrintGCDetails -XX:+PrintGCTimeStamps -XX:+UseCompressedClassPointers -XX:+UseCompressedOops -XX:-UseLargePagesIndividualAllocation -XX:+UseSerialGC 
2020-10-28T22:05:05.984+0800: 0.120: [GC (Allocation Failure) 2020-10-28T22:05:05.985+0800: 0.120: [DefNew: 139776K->17472K(157248K), 0.0190921 secs] 139776K->49896K(506816K), 0.0192175 secs] [Times: user=0.01 sys=0.00, real=0.02 secs] 
2020-10-28T22:05:06.019+0800: 0.154: [GC (Allocation Failure) 2020-10-28T22:05:06.019+0800: 0.154: [DefNew: 157248K->17470K(157248K), 0.0241339 secs] 189672K->97051K(506816K), 0.0241785 secs] [Times: user=0.02 sys=0.02, real=0.02 secs] 
2020-10-28T22:05:06.058+0800: 0.193: [GC (Allocation Failure) 2020-10-28T22:05:06.058+0800: 0.193: [DefNew: 157246K->17471K(157248K), 0.0163253 secs] 236827K->135219K(506816K), 0.0163676 secs] [Times: user=0.02 sys=0.01, real=0.02 secs] 
2020-10-28T22:05:06.088+0800: 0.223: [GC (Allocation Failure) 2020-10-28T22:05:06.088+0800: 0.223: [DefNew: 157168K->17471K(157248K), 0.0201518 secs] 274915K->183304K(506816K), 0.0201972 secs] [Times: user=0.03 sys=0.00, real=0.02 secs] 
2020-10-28T22:05:06.123+0800: 0.257: [GC (Allocation Failure) 2020-10-28T22:05:06.123+0800: 0.257: [DefNew: 157247K->17469K(157248K), 0.0198455 secs] 323080K->231005K(506816K), 0.0198916 secs] [Times: user=0.02 sys=0.00, real=0.02 secs] 
2020-10-28T22:05:06.156+0800: 0.291: [GC (Allocation Failure) 2020-10-28T22:05:06.156+0800: 0.291: [DefNew: 157245K->17471K(157248K), 0.0192102 secs] 370781K->277336K(506816K), 0.0192528 secs] [Times: user=0.02 sys=0.00, real=0.02 secs] 
2020-10-28T22:05:06.187+0800: 0.322: [GC (Allocation Failure) 2020-10-28T22:05:06.188+0800: 0.322: [DefNew: 157247K->17471K(157248K), 0.0186367 secs] 417112K->321532K(506816K), 0.0186821 secs] [Times: user=0.00 sys=0.02, real=0.02 secs] 
2020-10-28T22:05:06.219+0800: 0.353: [GC (Allocation Failure) 2020-10-28T22:05:06.219+0800: 0.353: [DefNew: 157247K->157247K(157248K), 0.0000109 secs]2020-10-28T22:05:06.219+0800: 0.353: [Tenured: 304060K->266274K(349568K), 0.0263574 secs] 461308K->266274K(506816K), [Metaspace: 2765K->2765K(1056768K)], 0.0264271 secs] [Times: user=0.02 sys=0.00, real=0.02 secs] 
2020-10-28T22:05:06.256+0800: 0.392: [GC (Allocation Failure) 2020-10-28T22:05:06.256+0800: 0.392: [DefNew: 139776K->17471K(157248K), 0.0056958 secs] 406050K->314381K(506816K), 0.0057347 secs] [Times: user=0.01 sys=0.00, real=0.01 secs] 
2020-10-28T22:05:06.275+0800: 0.410: [GC (Allocation Failure) 2020-10-28T22:05:06.275+0800: 0.410: [DefNew: 157247K->17470K(157248K), 0.0150305 secs] 454157K->353669K(506816K), 0.0150716 secs] [Times: user=0.02 sys=0.00, real=0.01 secs] 
2020-10-28T22:05:06.302+0800: 0.438: [GC (Allocation Failure) 2020-10-28T22:05:06.302+0800: 0.438: [DefNew: 157246K->157246K(157248K), 0.0000114 secs]2020-10-28T22:05:06.302+0800: 0.438: [Tenured: 336199K->299096K(349568K), 0.0305950 secs] 493445K->299096K(506816K), [Metaspace: 2765K->2765K(1056768K)], 0.0306601 secs] [Times: user=0.03 sys=0.00, real=0.03 secs] 
2020-10-28T22:05:06.346+0800: 0.481: [GC (Allocation Failure) 2020-10-28T22:05:06.346+0800: 0.481: [DefNew: 139673K->17470K(157248K), 0.0055932 secs] 438770K->346457K(506816K), 0.0056337 secs] [Times: user=0.00 sys=0.00, real=0.01 secs] 
2020-10-28T22:05:06.364+0800: 0.499: [GC (Allocation Failure) 2020-10-28T22:05:06.364+0800: 0.499: [DefNew: 156970K->156970K(157248K), 0.0000110 secs]2020-10-28T22:05:06.364+0800: 0.499: [Tenured: 328986K->312997K(349568K), 0.0322434 secs] 485957K->312997K(506816K), [Metaspace: 2765K->2765K(1056768K)], 0.0323048 secs] [Times: user=0.03 sys=0.00, real=0.03 secs] 
2020-10-28T22:05:06.409+0800: 0.544: [GC (Allocation Failure) 2020-10-28T22:05:06.409+0800: 0.544: [DefNew: 139776K->139776K(157248K), 0.0000448 secs]2020-10-28T22:05:06.409+0800: 0.544: [Tenured: 312997K->309077K(349568K), 0.0340819 secs] 452773K->309077K(506816K), [Metaspace: 2765K->2765K(1056768K)], 0.0341814 secs] [Times: user=0.03 sys=0.00, real=0.03 secs] 
2020-10-28T22:05:06.456+0800: 0.591: [GC (Allocation Failure) 2020-10-28T22:05:06.456+0800: 0.591: [DefNew: 139776K->17471K(157248K), 0.0053920 secs] 448853K->353600K(506816K), 0.0054301 secs] [Times: user=0.00 sys=0.00, real=0.00 secs] 
2020-10-28T22:05:06.474+0800: 0.609: [GC (Allocation Failure) 2020-10-28T22:05:06.474+0800: 0.609: [DefNew: 157247K->157247K(157248K), 0.0000111 secs]2020-10-28T22:05:06.474+0800: 0.609: [Tenured: 336128K->345435K(349568K), 0.0313635 secs] 493376K->345435K(506816K), [Metaspace: 2765K->2765K(1056768K)], 0.0314270 secs] [Times: user=0.03 sys=0.00, real=0.03 secs] 
2020-10-28T22:05:06.519+0800: 0.654: [GC (Allocation Failure) 2020-10-28T22:05:06.519+0800: 0.654: [DefNew: 139776K->139776K(157248K), 0.0000108 secs]2020-10-28T22:05:06.519+0800: 0.654: [Tenured: 345435K->349003K(349568K), 0.0328524 secs] 485211K->349833K(506816K), [Metaspace: 2765K->2765K(1056768K)], 0.0329131 secs] [Times: user=0.03 sys=0.00, real=0.03 secs] 
2020-10-28T22:05:06.566+0800: 0.701: [Full GC (Allocation Failure) 2020-10-28T22:05:06.566+0800: 0.701: [Tenured: 349541K->348895K(349568K), 0.0354789 secs] 506777K->362782K(506816K), [Metaspace: 2765K->2765K(1056768K)], 0.0355269 secs] [Times: user=0.03 sys=0.00, real=0.04 secs] 
2020-10-28T22:05:06.613+0800: 0.749: [Full GC (Allocation Failure) 2020-10-28T22:05:06.613+0800: 0.749: [Tenured: 349423K->347238K(349568K), 0.0375564 secs] 506559K->347238K(506816K), [Metaspace: 2765K->2765K(1056768K)], 0.0375999 secs] [Times: user=0.03 sys=0.00, real=0.04 secs] 
2020-10-28T22:05:06.664+0800: 0.799: [GC (Allocation Failure) 2020-10-28T22:05:06.664+0800: 0.799: [DefNew: 139776K->139776K(157248K), 0.0000105 secs]2020-10-28T22:05:06.664+0800: 0.799: [Tenured: 347238K->349501K(349568K), 0.0230248 secs] 487014K->363447K(506816K), [Metaspace: 2765K->2765K(1056768K)], 0.0230908 secs] [Times: user=0.03 sys=0.00, real=0.02 secs] 
2020-10-28T22:05:06.700+0800: 0.835: [Full GC (Allocation Failure) 2020-10-28T22:05:06.700+0800: 0.835: [Tenured: 349501K->349210K(349568K), 0.0323678 secs] 506702K->367402K(506816K), [Metaspace: 2765K->2765K(1056768K)], 0.0324159 secs] [Times: user=0.03 sys=0.00, real=0.03 secs] 
2020-10-28T22:05:06.746+0800: 0.881: [Full GC (Allocation Failure) 2020-10-28T22:05:06.746+0800: 0.881: [Tenured: 349472K->349496K(349568K), 0.0395794 secs] 506689K->366773K(506816K), [Metaspace: 2765K->2765K(1056768K)], 0.0396307 secs] [Times: user=0.03 sys=0.00, real=0.04 secs] 
2020-10-28T22:05:06.799+0800: 0.934: [Full GC (Allocation Failure) 2020-10-28T22:05:06.799+0800: 0.934: [Tenured: 349496K->349294K(349568K), 0.0379607 secs] 506590K->353740K(506816K), [Metaspace: 2765K->2765K(1056768K)], 0.0380102 secs] [Times: user=0.03 sys=0.00, real=0.04 secs] 
2020-10-28T22:05:06.852+0800: 0.987: [Full GC (Allocation Failure) 2020-10-28T22:05:06.852+0800: 0.987: [Tenured: 349558K->349521K(349568K), 0.0240658 secs] 506779K->377704K(506816K), [Metaspace: 2765K->2765K(1056768K)], 0.0241151 secs] [Times: user=0.03 sys=0.00, real=0.02 secs] 
2020-10-28T22:05:06.889+0800: 1.023: [Full GC (Allocation Failure) 2020-10-28T22:05:06.889+0800: 1.023: [Tenured: 349521K->349308K(349568K), 0.0345954 secs] 506626K->375452K(506816K), [Metaspace: 2765K->2765K(1056768K)], 0.0346411 secs] [Times: user=0.03 sys=0.00, real=0.03 secs] 
Heap
 def new generation   total 157248K, used 60706K [0x00000000e0000000, 0x00000000eaaa0000, 0x00000000eaaa0000)
  eden space 139776K,  43% used [0x00000000e0000000, 0x00000000e3b48a60, 0x00000000e8880000)
  from space 17472K,   0% used [0x00000000e9990000, 0x00000000e9990000, 0x00000000eaaa0000)
  to   space 17472K,   0% used [0x00000000e8880000, 0x00000000e8880000, 0x00000000e9990000)
 tenured generation   total 349568K, used 349308K [0x00000000eaaa0000, 0x0000000100000000, 0x0000000100000000)
   the space 349568K,  99% used [0x00000000eaaa0000, 0x00000000fffbf348, 0x00000000fffbf400, 0x0000000100000000)
 Metaspace       used 2771K, capacity 4486K, committed 4864K, reserved 1056768K
  class space    used 307K, capacity 386K, committed 512K, reserved 1048576K
