Java HotSpot(TM) 64-Bit Server VM (25.231-b11) for windows-amd64 JRE (1.8.0_231-b11), built on Oct  5 2019 03:11:30 by "java_re" with MS VC++ 10.0 (VS2010)
Memory: 4k page, physical 16694724k(7917684k free), swap 37666244k(16739252k free)
CommandLine flags: -XX:InitialHeapSize=268435456 -XX:MaxHeapSize=268435456 -XX:+PrintGC -XX:+PrintGCDateStamps -XX:+PrintGCDetails -XX:+PrintGCTimeStamps -XX:+UseCompressedClassPointers -XX:+UseCompressedOops -XX:-UseLargePagesIndividualAllocation -XX:+UseParallelGC 
2020-10-28T20:37:41.153+0800: 0.092: [GC (Allocation Failure) [PSYoungGen: 65536K->10750K(76288K)] 65536K->21759K(251392K), 0.0034143 secs] [Times: user=0.00 sys=0.00, real=0.00 secs] 
2020-10-28T20:37:41.166+0800: 0.104: [GC (Allocation Failure) [PSYoungGen: 76044K->10740K(76288K)] 87053K->42052K(251392K), 0.0045965 secs] [Times: user=0.08 sys=0.05, real=0.01 secs] 
2020-10-28T20:37:41.177+0800: 0.116: [GC (Allocation Failure) [PSYoungGen: 75684K->10746K(76288K)] 106997K->61514K(251392K), 0.0044230 secs] [Times: user=0.00 sys=0.00, real=0.00 secs] 
2020-10-28T20:37:41.187+0800: 0.126: [GC (Allocation Failure) [PSYoungGen: 76282K->10743K(76288K)] 127050K->84585K(251392K), 0.0046547 secs] [Times: user=0.00 sys=0.00, real=0.00 secs] 
2020-10-28T20:37:41.198+0800: 0.137: [GC (Allocation Failure) [PSYoungGen: 76279K->10751K(76288K)] 150121K->106394K(251392K), 0.0040647 secs] [Times: user=0.13 sys=0.00, real=0.00 secs] 
2020-10-28T20:37:41.209+0800: 0.148: [GC (Allocation Failure) [PSYoungGen: 76190K->10750K(40448K)] 171833K->130020K(215552K), 0.0047672 secs] [Times: user=0.00 sys=0.00, real=0.00 secs] 
2020-10-28T20:37:41.217+0800: 0.155: [GC (Allocation Failure) [PSYoungGen: 40446K->16945K(58368K)] 159716K->139901K(233472K), 0.0027317 secs] [Times: user=0.00 sys=0.00, real=0.00 secs] 
2020-10-28T20:37:41.222+0800: 0.161: [GC (Allocation Failure) [PSYoungGen: 46641K->25530K(58368K)] 169597K->151371K(233472K), 0.0035691 secs] [Times: user=0.00 sys=0.00, real=0.00 secs] 
2020-10-28T20:37:41.229+0800: 0.167: [GC (Allocation Failure) [PSYoungGen: 54758K->28655K(58368K)] 180599K->158843K(233472K), 0.0039479 secs] [Times: user=0.11 sys=0.00, real=0.00 secs] 
2020-10-28T20:37:41.236+0800: 0.174: [GC (Allocation Failure) [PSYoungGen: 58309K->17090K(58368K)] 188497K->168195K(233472K), 0.0044402 secs] [Times: user=0.00 sys=0.00, real=0.00 secs] 
2020-10-28T20:37:41.240+0800: 0.179: [Full GC (Ergonomics) [PSYoungGen: 17090K->0K(58368K)] [ParOldGen: 151104K->140926K(175104K)] 168195K->140926K(233472K), [Metaspace: 2765K->2765K(1056768K)], 0.0170446 secs] [Times: user=0.13 sys=0.00, real=0.02 secs] 
2020-10-28T20:37:41.260+0800: 0.199: [GC (Allocation Failure) [PSYoungGen: 29655K->10922K(58368K)] 170582K->151849K(233472K), 0.0019765 secs] [Times: user=0.13 sys=0.00, real=0.00 secs] 
2020-10-28T20:37:41.265+0800: 0.203: [GC (Allocation Failure) [PSYoungGen: 40618K->12998K(58368K)] 181545K->164639K(233472K), 0.0029755 secs] [Times: user=0.00 sys=0.00, real=0.00 secs] 
2020-10-28T20:37:41.267+0800: 0.206: [Full GC (Ergonomics) [PSYoungGen: 12998K->0K(58368K)] [ParOldGen: 151641K->158740K(175104K)] 164639K->158740K(233472K), [Metaspace: 2765K->2765K(1056768K)], 0.0162832 secs] [Times: user=0.11 sys=0.00, real=0.02 secs] 
2020-10-28T20:37:41.287+0800: 0.226: [Full GC (Ergonomics) [PSYoungGen: 29377K->0K(58368K)] [ParOldGen: 158740K->164858K(175104K)] 188117K->164858K(233472K), [Metaspace: 2765K->2765K(1056768K)], 0.0170470 secs] [Times: user=0.13 sys=0.00, real=0.02 secs] 
2020-10-28T20:37:41.306+0800: 0.245: [Full GC (Ergonomics) [PSYoungGen: 29086K->0K(58368K)] [ParOldGen: 164858K->169617K(175104K)] 193945K->169617K(233472K), [Metaspace: 2765K->2765K(1056768K)], 0.0168061 secs] [Times: user=0.06 sys=0.06, real=0.02 secs] 
2020-10-28T20:37:41.326+0800: 0.265: [Full GC (Ergonomics) [PSYoungGen: 29522K->0K(58368K)] [ParOldGen: 169617K->173282K(175104K)] 199140K->173282K(233472K), [Metaspace: 2765K->2765K(1056768K)], 0.0175957 secs] [Times: user=0.09 sys=0.00, real=0.02 secs] 
2020-10-28T20:37:41.346+0800: 0.285: [Full GC (Ergonomics) [PSYoungGen: 29696K->4031K(58368K)] [ParOldGen: 173282K->174588K(175104K)] 202978K->178620K(233472K), [Metaspace: 2765K->2765K(1056768K)], 0.0180989 secs] [Times: user=0.11 sys=0.00, real=0.02 secs] 
2020-10-28T20:37:41.367+0800: 0.306: [Full GC (Ergonomics) [PSYoungGen: 29435K->9746K(58368K)] [ParOldGen: 174588K->174441K(175104K)] 204023K->184188K(233472K), [Metaspace: 2765K->2765K(1056768K)], 0.0188264 secs] [Times: user=0.13 sys=0.00, real=0.02 secs] 
2020-10-28T20:37:41.388+0800: 0.327: [Full GC (Ergonomics) [PSYoungGen: 29696K->13455K(58368K)] [ParOldGen: 174441K->174813K(175104K)] 204137K->188268K(233472K), [Metaspace: 2765K->2765K(1056768K)], 0.0183500 secs] [Times: user=0.11 sys=0.00, real=0.02 secs] 
2020-10-28T20:37:41.408+0800: 0.346: [Full GC (Ergonomics) [PSYoungGen: 29618K->17166K(58368K)] [ParOldGen: 174813K->174545K(175104K)] 204431K->191711K(233472K), [Metaspace: 2765K->2765K(1056768K)], 0.0193701 secs] [Times: user=0.09 sys=0.00, real=0.02 secs] 
2020-10-28T20:37:41.428+0800: 0.367: [Full GC (Ergonomics) [PSYoungGen: 29626K->19796K(58368K)] [ParOldGen: 174545K->174929K(175104K)] 204171K->194725K(233472K), [Metaspace: 2765K->2765K(1056768K)], 0.0195946 secs] [Times: user=0.13 sys=0.00, real=0.02 secs] 
2020-10-28T20:37:41.449+0800: 0.388: [Full GC (Ergonomics) [PSYoungGen: 29687K->21698K(58368K)] [ParOldGen: 174929K->174781K(175104K)] 204616K->196479K(233472K), [Metaspace: 2765K->2765K(1056768K)], 0.0171722 secs] [Times: user=0.09 sys=0.00, real=0.02 secs] 
2020-10-28T20:37:41.467+0800: 0.406: [Full GC (Ergonomics) [PSYoungGen: 29601K->24559K(58368K)] [ParOldGen: 174781K->174528K(175104K)] 204382K->199088K(233472K), [Metaspace: 2765K->2765K(1056768K)], 0.0192157 secs] [Times: user=0.11 sys=0.00, real=0.02 secs] 
2020-10-28T20:37:41.487+0800: 0.426: [Full GC (Ergonomics) [PSYoungGen: 29612K->25876K(58368K)] [ParOldGen: 174528K->174769K(175104K)] 204140K->200645K(233472K), [Metaspace: 2765K->2765K(1056768K)], 0.0196213 secs] [Times: user=0.05 sys=0.00, real=0.02 secs] 
2020-10-28T20:37:41.507+0800: 0.446: [Full GC (Ergonomics) [PSYoungGen: 29630K->27185K(58368K)] [ParOldGen: 174769K->174629K(175104K)] 204399K->201814K(233472K), [Metaspace: 2765K->2765K(1056768K)], 0.0173909 secs] [Times: user=0.09 sys=0.02, real=0.02 secs] 
2020-10-28T20:37:41.525+0800: 0.464: [Full GC (Ergonomics) [PSYoungGen: 29629K->28257K(58368K)] [ParOldGen: 174629K->174738K(175104K)] 204258K->202995K(233472K), [Metaspace: 2765K->2765K(1056768K)], 0.0216784 secs] [Times: user=0.17 sys=0.00, real=0.02 secs] 
2020-10-28T20:37:41.547+0800: 0.486: [Full GC (Ergonomics) [PSYoungGen: 29636K->26827K(58368K)] [ParOldGen: 174738K->175030K(175104K)] 204375K->201857K(233472K), [Metaspace: 2765K->2765K(1056768K)], 0.0124369 secs] [Times: user=0.13 sys=0.00, real=0.01 secs] 
2020-10-28T20:37:41.560+0800: 0.498: [Full GC (Ergonomics) [PSYoungGen: 29594K->27268K(58368K)] [ParOldGen: 175030K->174858K(175104K)] 204624K->202127K(233472K), [Metaspace: 2765K->2765K(1056768K)], 0.0135542 secs] [Times: user=0.00 sys=0.00, real=0.01 secs] 
2020-10-28T20:37:41.574+0800: 0.512: [Full GC (Ergonomics) [PSYoungGen: 29174K->27137K(58368K)] [ParOldGen: 174858K->174850K(175104K)] 204033K->201987K(233472K), [Metaspace: 2765K->2765K(1056768K)], 0.0165738 secs] [Times: user=0.09 sys=0.00, real=0.02 secs] 
2020-10-28T20:37:41.591+0800: 0.529: [Full GC (Ergonomics) [PSYoungGen: 29565K->28146K(58368K)] [ParOldGen: 174850K->174627K(175104K)] 204415K->202773K(233472K), [Metaspace: 2765K->2765K(1056768K)], 0.0174939 secs] [Times: user=0.09 sys=0.00, real=0.02 secs] 
2020-10-28T20:37:41.609+0800: 0.547: [Full GC (Ergonomics) [PSYoungGen: 29528K->29122K(58368K)] [ParOldGen: 174627K->174572K(175104K)] 204156K->203695K(233472K), [Metaspace: 2765K->2765K(1056768K)], 0.0066408 secs] [Times: user=0.00 sys=0.00, real=0.01 secs] 
2020-10-28T20:37:41.615+0800: 0.554: [Full GC (Ergonomics) [PSYoungGen: 29695K->29311K(58368K)] [ParOldGen: 174572K->174396K(175104K)] 204268K->203708K(233472K), [Metaspace: 2765K->2765K(1056768K)], 0.0040137 secs] [Times: user=0.00 sys=0.00, real=0.00 secs] 
2020-10-28T20:37:41.620+0800: 0.558: [Full GC (Ergonomics) [PSYoungGen: 29595K->29311K(58368K)] [ParOldGen: 174396K->174396K(175104K)] 203992K->203708K(233472K), [Metaspace: 2765K->2765K(1056768K)], 0.0014056 secs] [Times: user=0.00 sys=0.00, real=0.00 secs] 
2020-10-28T20:37:41.621+0800: 0.559: [Full GC (Ergonomics) [PSYoungGen: 29650K->29347K(58368K)] [ParOldGen: 174396K->174396K(175104K)] 204047K->203744K(233472K), [Metaspace: 2765K->2765K(1056768K)], 0.0012395 secs] [Times: user=0.02 sys=0.00, real=0.00 secs] 
2020-10-28T20:37:41.623+0800: 0.561: [Full GC (Ergonomics) [PSYoungGen: 29588K->29455K(58368K)] [ParOldGen: 174396K->174396K(175104K)] 203985K->203852K(233472K), [Metaspace: 2765K->2765K(1056768K)], 0.0011915 secs] [Times: user=0.00 sys=0.00, real=0.00 secs] 
2020-10-28T20:37:41.624+0800: 0.562: [Full GC (Ergonomics) [PSYoungGen: 29661K->29311K(58368K)] [ParOldGen: 174886K->174396K(175104K)] 204547K->203708K(233472K), [Metaspace: 2765K->2765K(1056768K)], 0.0011302 secs] [Times: user=0.00 sys=0.00, real=0.00 secs] 
2020-10-28T20:37:41.625+0800: 0.563: [Full GC (Ergonomics) [PSYoungGen: 29688K->29654K(58368K)] [ParOldGen: 174396K->174396K(175104K)] 204084K->204051K(233472K), [Metaspace: 2765K->2765K(1056768K)], 0.0011386 secs] [Times: user=0.00 sys=0.00, real=0.00 secs] 
2020-10-28T20:37:41.626+0800: 0.565: [Full GC (Ergonomics) [PSYoungGen: 29672K->29663K(58368K)] [ParOldGen: 174396K->174396K(175104K)] 204069K->204060K(233472K), [Metaspace: 2765K->2765K(1056768K)], 0.0011271 secs] [Times: user=0.00 sys=0.00, real=0.00 secs] 
2020-10-28T20:37:41.628+0800: 0.566: [Full GC (Ergonomics) [PSYoungGen: 29686K->29654K(58368K)] [ParOldGen: 175096K->174396K(175104K)] 204783K->204051K(233472K), [Metaspace: 2765K->2765K(1056768K)], 0.0011288 secs] [Times: user=0.00 sys=0.00, real=0.00 secs] 
2020-10-28T20:37:41.629+0800: 0.567: [Full GC (Ergonomics) [PSYoungGen: 29672K->29663K(58368K)] [ParOldGen: 174396K->174396K(175104K)] 204069K->204060K(233472K), [Metaspace: 2765K->2765K(1056768K)], 0.0011111 secs] [Times: user=0.00 sys=0.00, real=0.00 secs] 
2020-10-28T20:37:41.630+0800: 0.568: [Full GC (Ergonomics) [PSYoungGen: 29686K->29645K(58368K)] [ParOldGen: 174974K->174701K(175104K)] 204660K->204347K(233472K), [Metaspace: 2765K->2765K(1056768K)], 0.0011762 secs] [Times: user=0.00 sys=0.00, real=0.00 secs] 
2020-10-28T20:37:41.631+0800: 0.570: [Full GC (Ergonomics) [PSYoungGen: 29658K->29645K(58368K)] [ParOldGen: 174931K->174715K(175104K)] 204589K->204360K(233472K), [Metaspace: 2765K->2765K(1056768K)], 0.0012112 secs] [Times: user=0.00 sys=0.00, real=0.00 secs] 
2020-10-28T20:37:41.632+0800: 0.571: [Full GC (Ergonomics) [PSYoungGen: 29645K->29645K(58368K)] [ParOldGen: 175003K->174715K(175104K)] 204649K->204360K(233472K), [Metaspace: 2765K->2765K(1056768K)], 0.0010959 secs] [Times: user=0.00 sys=0.00, real=0.00 secs] 
2020-10-28T20:37:41.633+0800: 0.572: [Full GC (Ergonomics) [PSYoungGen: 29645K->29645K(58368K)] [ParOldGen: 174991K->174715K(175104K)] 204637K->204360K(233472K), [Metaspace: 2765K->2765K(1056768K)], 0.0010285 secs] [Times: user=0.00 sys=0.00, real=0.00 secs] 
2020-10-28T20:37:41.634+0800: 0.573: [Full GC (Ergonomics) [PSYoungGen: 29645K->29645K(58368K)] [ParOldGen: 175022K->174924K(175104K)] 204668K->204570K(233472K), [Metaspace: 2765K->2765K(1056768K)], 0.0028172 secs] [Times: user=0.13 sys=0.00, real=0.00 secs] 
2020-10-28T20:37:41.637+0800: 0.576: [Full GC (Allocation Failure) [PSYoungGen: 29645K->29645K(58368K)] [ParOldGen: 174924K->174904K(175104K)] 204570K->204550K(233472K), [Metaspace: 2765K->2765K(1056768K)], 0.0170181 secs] [Times: user=0.13 sys=0.00, real=0.02 secs] 
Heap
 PSYoungGen      total 58368K, used 29696K [0x00000000fab00000, 0x0000000100000000, 0x0000000100000000)
  eden space 29696K, 100% used [0x00000000fab00000,0x00000000fc800000,0x00000000fc800000)
  from space 28672K, 0% used [0x00000000fe400000,0x00000000fe400000,0x0000000100000000)
  to   space 28672K, 0% used [0x00000000fc800000,0x00000000fc800000,0x00000000fe400000)
 ParOldGen       total 175104K, used 174904K [0x00000000f0000000, 0x00000000fab00000, 0x00000000fab00000)
  object space 175104K, 99% used [0x00000000f0000000,0x00000000faace2c0,0x00000000fab00000)
 Metaspace       used 2795K, capacity 4486K, committed 4864K, reserved 1056768K
  class space    used 310K, capacity 386K, committed 512K, reserved 1048576K
