Java HotSpot(TM) 64-Bit Server VM (25.231-b11) for windows-amd64 JRE (1.8.0_231-b11), built on Oct  5 2019 03:11:30 by "java_re" with MS VC++ 10.0 (VS2010)
Memory: 4k page, physical 16694724k(8327324k free), swap 37666244k(16548392k free)
CommandLine flags: -XX:InitialHeapSize=134217728 -XX:MaxHeapSize=134217728 -XX:+PrintGC -XX:+PrintGCDateStamps -XX:+PrintGCDetails -XX:+PrintGCTimeStamps -XX:+UseCompressedClassPointers -XX:+UseCompressedOops -XX:-UseLargePagesIndividualAllocation -XX:+UseSerialGC 
2020-10-28T21:49:31.226+0800: 0.075: [GC (Allocation Failure) 2020-10-28T21:49:31.226+0800: 0.075: [DefNew: 34483K->4352K(39296K), 0.0054120 secs] 34483K->12544K(126720K), 0.0055150 secs] [Times: user=0.00 sys=0.02, real=0.01 secs] 
2020-10-28T21:49:31.239+0800: 0.088: [GC (Allocation Failure) 2020-10-28T21:49:31.239+0800: 0.088: [DefNew: 39296K->4336K(39296K), 0.0079686 secs] 47488K->27026K(126720K), 0.0080048 secs] [Times: user=0.00 sys=0.02, real=0.01 secs] 
2020-10-28T21:49:31.252+0800: 0.101: [GC (Allocation Failure) 2020-10-28T21:49:31.252+0800: 0.101: [DefNew: 39129K->4351K(39296K), 0.0048572 secs] 61819K->37272K(126720K), 0.0048898 secs] [Times: user=0.00 sys=0.00, real=0.00 secs] 
2020-10-28T21:49:31.261+0800: 0.110: [GC (Allocation Failure) 2020-10-28T21:49:31.261+0800: 0.110: [DefNew: 39244K->4348K(39296K), 0.0044726 secs] 72165K->47988K(126720K), 0.0045025 secs] [Times: user=0.00 sys=0.02, real=0.01 secs] 
2020-10-28T21:49:31.269+0800: 0.118: [GC (Allocation Failure) 2020-10-28T21:49:31.269+0800: 0.118: [DefNew: 39292K->4349K(39296K), 0.0056778 secs] 82932K->61607K(126720K), 0.0057056 secs] [Times: user=0.00 sys=0.00, real=0.01 secs] 
2020-10-28T21:49:31.278+0800: 0.127: [GC (Allocation Failure) 2020-10-28T21:49:31.278+0800: 0.127: [DefNew: 39268K->4350K(39296K), 0.0051606 secs] 96527K->73455K(126720K), 0.0051874 secs] [Times: user=0.00 sys=0.00, real=0.00 secs] 
2020-10-28T21:49:31.287+0800: 0.135: [GC (Allocation Failure) 2020-10-28T21:49:31.287+0800: 0.135: [DefNew: 39147K->4336K(39296K), 0.0054251 secs] 108251K->86347K(126720K), 0.0054534 secs] [Times: user=0.00 sys=0.00, real=0.01 secs] 
2020-10-28T21:49:31.296+0800: 0.144: [GC (Allocation Failure) 2020-10-28T21:49:31.296+0800: 0.144: [DefNew: 38957K->38957K(39296K), 0.0000094 secs]2020-10-28T21:49:31.296+0800: 0.144: [Tenured: 82011K->87090K(87424K), 0.0097978 secs] 120968K->93078K(126720K), [Metaspace: 2765K->2765K(1056768K)], 0.0098539 secs] [Times: user=0.00 sys=0.00, real=0.01 secs] 
2020-10-28T21:49:31.309+0800: 0.158: [Full GC (Allocation Failure) 2020-10-28T21:49:31.309+0800: 0.158: [Tenured: 87197K->87410K(87424K), 0.0093168 secs] 126418K->100028K(126720K), [Metaspace: 2765K->2765K(1056768K)], 0.0093562 secs] [Times: user=0.00 sys=0.00, real=0.01 secs] 
2020-10-28T21:49:31.322+0800: 0.171: [Full GC (Allocation Failure) 2020-10-28T21:49:31.322+0800: 0.171: [Tenured: 87410K->87328K(87424K), 0.0080119 secs] 126564K->107807K(126720K), [Metaspace: 2765K->2765K(1056768K)], 0.0080519 secs] [Times: user=0.02 sys=0.00, real=0.01 secs] 
2020-10-28T21:49:31.332+0800: 0.181: [Full GC (Allocation Failure) 2020-10-28T21:49:31.332+0800: 0.181: [Tenured: 87328K->87265K(87424K), 0.0118716 secs] 126598K->107634K(126720K), [Metaspace: 2765K->2765K(1056768K)], 0.0119103 secs] [Times: user=0.02 sys=0.00, real=0.01 secs] 
2020-10-28T21:49:31.345+0800: 0.195: [Full GC (Allocation Failure) 2020-10-28T21:49:31.345+0800: 0.195: [Tenured: 87409K->87409K(87424K), 0.0035470 secs] 126628K->112997K(126720K), [Metaspace: 2765K->2765K(1056768K)], 0.0035775 secs] [Times: user=0.00 sys=0.00, real=0.00 secs] 
2020-10-28T21:49:31.350+0800: 0.200: [Full GC (Allocation Failure) 2020-10-28T21:49:31.350+0800: 0.200: [Tenured: 87409K->87409K(87424K), 0.0013329 secs] 126700K->116777K(126720K), [Metaspace: 2765K->2765K(1056768K)], 0.0013580 secs] [Times: user=0.00 sys=0.00, real=0.00 secs] 
2020-10-28T21:49:31.352+0800: 0.202: [Full GC (Allocation Failure) 2020-10-28T21:49:31.352+0800: 0.202: [Tenured: 87409K->87409K(87424K), 0.0033216 secs] 126461K->120857K(126720K), [Metaspace: 2765K->2765K(1056768K)], 0.0033455 secs] [Times: user=0.02 sys=0.00, real=0.00 secs] 
2020-10-28T21:49:31.356+0800: 0.206: [Full GC (Allocation Failure) 2020-10-28T21:49:31.356+0800: 0.206: [Tenured: 87409K->87267K(87424K), 0.0107889 secs] 126526K->118971K(126720K), [Metaspace: 2765K->2765K(1056768K)], 0.0108244 secs] [Times: user=0.00 sys=0.00, real=0.01 secs] 
2020-10-28T21:49:31.368+0800: 0.218: [Full GC (Allocation Failure) 2020-10-28T21:49:31.368+0800: 0.218: [Tenured: 87393K->87393K(87424K), 0.0034894 secs] 126689K->120371K(126720K), [Metaspace: 2765K->2765K(1056768K)], 0.0035202 secs] [Times: user=0.01 sys=0.00, real=0.00 secs] 
2020-10-28T21:49:31.373+0800: 0.222: [Full GC (Allocation Failure) 2020-10-28T21:49:31.373+0800: 0.222: [Tenured: 87393K->87393K(87424K), 0.0011821 secs] 126641K->122704K(126720K), [Metaspace: 2765K->2765K(1056768K)], 0.0012051 secs] [Times: user=0.00 sys=0.00, real=0.00 secs] 
2020-10-28T21:49:31.374+0800: 0.224: [Full GC (Allocation Failure) 2020-10-28T21:49:31.374+0800: 0.224: [Tenured: 87407K->87407K(87424K), 0.0019672 secs] 126702K->123734K(126720K), [Metaspace: 2765K->2765K(1056768K)], 0.0019881 secs] [Times: user=0.00 sys=0.00, real=0.00 secs] 
2020-10-28T21:49:31.377+0800: 0.226: [Full GC (Allocation Failure) 2020-10-28T21:49:31.377+0800: 0.226: [Tenured: 87407K->87385K(87424K), 0.0126862 secs] 126670K->123566K(126720K), [Metaspace: 2765K->2765K(1056768K)], 0.0127212 secs] [Times: user=0.02 sys=0.00, real=0.01 secs] 
2020-10-28T21:49:31.390+0800: 0.240: [Full GC (Allocation Failure) 2020-10-28T21:49:31.390+0800: 0.240: [Tenured: 87385K->87385K(87424K), 0.0028604 secs] 126413K->123630K(126720K), [Metaspace: 2765K->2765K(1056768K)], 0.0028898 secs] [Times: user=0.00 sys=0.00, real=0.00 secs] 
2020-10-28T21:49:31.393+0800: 0.243: [Full GC (Allocation Failure) 2020-10-28T21:49:31.393+0800: 0.243: [Tenured: 87385K->87385K(87424K), 0.0009622 secs] 126528K->124324K(126720K), [Metaspace: 2765K->2765K(1056768K)], 0.0009836 secs] [Times: user=0.00 sys=0.00, real=0.00 secs] 
2020-10-28T21:49:31.395+0800: 0.244: [Full GC (Allocation Failure) 2020-10-28T21:49:31.395+0800: 0.244: [Tenured: 87385K->87385K(87424K), 0.0007842 secs] 126425K->125098K(126720K), [Metaspace: 2765K->2765K(1056768K)], 0.0008037 secs] [Times: user=0.00 sys=0.00, real=0.00 secs] 
2020-10-28T21:49:31.396+0800: 0.245: [Full GC (Allocation Failure) 2020-10-28T21:49:31.396+0800: 0.245: [Tenured: 87385K->87033K(87424K), 0.0087067 secs] 126592K->125000K(126720K), [Metaspace: 2765K->2765K(1056768K)], 0.0087410 secs] [Times: user=0.01 sys=0.00, real=0.01 secs] 
2020-10-28T21:49:31.405+0800: 0.255: [Full GC (Allocation Failure) 2020-10-28T21:49:31.405+0800: 0.255: [Tenured: 87321K->87321K(87424K), 0.0011089 secs] 126451K->125740K(126720K), [Metaspace: 2765K->2765K(1056768K)], 0.0011315 secs] [Times: user=0.00 sys=0.00, real=0.00 secs] 
2020-10-28T21:49:31.406+0800: 0.256: [Full GC (Allocation Failure) 2020-10-28T21:49:31.406+0800: 0.256: [Tenured: 87357K->87357K(87424K), 0.0025521 secs] 126647K->126067K(126720K), [Metaspace: 2765K->2765K(1056768K)], 0.0025740 secs] [Times: user=0.00 sys=0.00, real=0.00 secs] 
2020-10-28T21:49:31.409+0800: 0.259: [Full GC (Allocation Failure) 2020-10-28T21:49:31.409+0800: 0.259: [Tenured: 87357K->87357K(87424K), 0.0008461 secs] 126319K->126211K(126720K), [Metaspace: 2765K->2765K(1056768K)], 0.0008647 secs] [Times: user=0.00 sys=0.00, real=0.00 secs] 
2020-10-28T21:49:31.410+0800: 0.259: [Full GC (Allocation Failure) 2020-10-28T21:49:31.410+0800: 0.259: [Tenured: 87357K->87126K(87424K), 0.0125593 secs] 126211K->125294K(126720K), [Metaspace: 2765K->2765K(1056768K)], 0.0125871 secs] [Times: user=0.02 sys=0.00, real=0.01 secs] 
2020-10-28T21:49:31.423+0800: 0.272: [Full GC (Allocation Failure) 2020-10-28T21:49:31.423+0800: 0.272: [Tenured: 87126K->87126K(87424K), 0.0011729 secs] 126078K->125626K(126720K), [Metaspace: 2765K->2765K(1056768K)], 0.0011945 secs] [Times: user=0.00 sys=0.00, real=0.00 secs] 
2020-10-28T21:49:31.424+0800: 0.273: [Full GC (Allocation Failure) 2020-10-28T21:49:31.424+0800: 0.273: [Tenured: 87126K->87419K(87424K), 0.0121169 secs] 125626K->125572K(126720K), [Metaspace: 2765K->2765K(1056768K)], 0.0121460 secs] [Times: user=0.02 sys=0.00, real=0.01 secs] 
2020-10-28T21:49:31.436+0800: 0.286: [Full GC (Allocation Failure) 2020-10-28T21:49:31.436+0800: 0.286: [Tenured: 87419K->87419K(87424K), 0.0010626 secs] 126613K->125716K(126720K), [Metaspace: 2765K->2765K(1056768K)], 0.0010837 secs] [Times: user=0.00 sys=0.00, real=0.00 secs] 
2020-10-28T21:49:31.438+0800: 0.287: [Full GC (Allocation Failure) 2020-10-28T21:49:31.438+0800: 0.287: [Tenured: 87419K->87419K(87424K), 0.0007529 secs] 126230K->125660K(126720K), [Metaspace: 2765K->2765K(1056768K)], 0.0007703 secs] [Times: user=0.00 sys=0.00, real=0.00 secs] 
2020-10-28T21:49:31.438+0800: 0.288: [Full GC (Allocation Failure) 2020-10-28T21:49:31.439+0800: 0.288: [Tenured: 87419K->87419K(87424K), 0.0034860 secs] 126512K->125678K(126720K), [Metaspace: 2765K->2765K(1056768K)], 0.0035056 secs] [Times: user=0.00 sys=0.00, real=0.00 secs] 
2020-10-28T21:49:31.442+0800: 0.292: [Full GC (Allocation Failure) 2020-10-28T21:49:31.442+0800: 0.292: [Tenured: 87419K->87419K(87424K), 0.0008125 secs] 126663K->126205K(126720K), [Metaspace: 2765K->2765K(1056768K)], 0.0008305 secs] [Times: user=0.00 sys=0.00, real=0.00 secs] 
2020-10-28T21:49:31.443+0800: 0.293: [Full GC (Allocation Failure) 2020-10-28T21:49:31.443+0800: 0.293: [Tenured: 87419K->87419K(87424K), 0.0007025 secs] 126518K->126169K(126720K), [Metaspace: 2765K->2765K(1056768K)], 0.0007200 secs] [Times: user=0.00 sys=0.00, real=0.00 secs] 
2020-10-28T21:49:31.444+0800: 0.293: [Full GC (Allocation Failure) 2020-10-28T21:49:31.444+0800: 0.293: [Tenured: 87419K->87309K(87424K), 0.0065390 secs] 126476K->125757K(126720K), [Metaspace: 2765K->2765K(1056768K)], 0.0065696 secs] [Times: user=0.02 sys=0.00, real=0.01 secs] 
2020-10-28T21:49:31.451+0800: 0.300: [Full GC (Allocation Failure) 2020-10-28T21:49:31.451+0800: 0.300: [Tenured: 87309K->87309K(87424K), 0.0010304 secs] 126503K->126117K(126720K), [Metaspace: 2765K->2765K(1056768K)], 0.0010508 secs] [Times: user=0.00 sys=0.00, real=0.00 secs] 
2020-10-28T21:49:31.452+0800: 0.301: [Full GC (Allocation Failure) 2020-10-28T21:49:31.452+0800: 0.301: [Tenured: 87309K->87309K(87424K), 0.0007491 secs] 126295K->126295K(126720K), [Metaspace: 2765K->2765K(1056768K)], 0.0007663 secs] [Times: user=0.00 sys=0.00, real=0.00 secs] 
2020-10-28T21:49:31.453+0800: 0.302: [Full GC (Allocation Failure) 2020-10-28T21:49:31.453+0800: 0.302: [Tenured: 87309K->87401K(87424K), 0.0057433 secs] 126295K->126126K(126720K), [Metaspace: 2765K->2765K(1056768K)], 0.0057672 secs] [Times: user=0.00 sys=0.00, real=0.00 secs] 
2020-10-28T21:49:31.459+0800: 0.308: [Full GC (Allocation Failure) 2020-10-28T21:49:31.459+0800: 0.308: [Tenured: 87401K->87401K(87424K), 0.0010027 secs] 126438K->126126K(126720K), [Metaspace: 2765K->2765K(1056768K)], 0.0010228 secs] [Times: user=0.00 sys=0.00, real=0.00 secs] 
2020-10-28T21:49:31.460+0800: 0.309: [Full GC (Allocation Failure) 2020-10-28T21:49:31.460+0800: 0.309: [Tenured: 87401K->87401K(87424K), 0.0007510 secs] 126601K->126371K(126720K), [Metaspace: 2765K->2765K(1056768K)], 0.0007684 secs] [Times: user=0.00 sys=0.00, real=0.00 secs] 
2020-10-28T21:49:31.461+0800: 0.310: [Full GC (Allocation Failure) 2020-10-28T21:49:31.461+0800: 0.310: [Tenured: 87401K->87136K(87424K), 0.0027281 secs] 126371K->126105K(126720K), [Metaspace: 2765K->2765K(1056768K)], 0.0027438 secs] [Times: user=0.00 sys=0.00, real=0.00 secs] 
2020-10-28T21:49:31.463+0800: 0.313: [Full GC (Allocation Failure) 2020-10-28T21:49:31.463+0800: 0.313: [Tenured: 87385K->87385K(87424K), 0.0007781 secs] 126383K->126361K(126720K), [Metaspace: 2765K->2765K(1056768K)], 0.0007958 secs] [Times: user=0.00 sys=0.00, real=0.00 secs] 
2020-10-28T21:49:31.464+0800: 0.314: [Full GC (Allocation Failure) 2020-10-28T21:49:31.464+0800: 0.314: [Tenured: 87385K->87385K(87424K), 0.0007077 secs] 126361K->126361K(126720K), [Metaspace: 2765K->2765K(1056768K)], 0.0007211 secs] [Times: user=0.02 sys=0.00, real=0.00 secs] 
Heap
 def new generation   total 39296K, used 39047K [0x00000000f8000000, 0x00000000faaa0000, 0x00000000faaa0000)
  eden space 34944K, 100% used [0x00000000f8000000, 0x00000000fa220000, 0x00000000fa220000)
  from space 4352K,  94% used [0x00000000fa660000, 0x00000000faa61ce0, 0x00000000faaa0000)
  to   space 4352K,   0% used [0x00000000fa220000, 0x00000000fa220000, 0x00000000fa660000)
 tenured generation   total 87424K, used 87385K [0x00000000faaa0000, 0x0000000100000000, 0x0000000100000000)
   the space 87424K,  99% used [0x00000000faaa0000, 0x00000000ffff6740, 0x00000000ffff6800, 0x0000000100000000)
 Metaspace       used 2795K, capacity 4486K, committed 4864K, reserved 1056768K
  class space    used 310K, capacity 386K, committed 512K, reserved 1048576K
