Java HotSpot(TM) 64-Bit Server VM (25.231-b11) for windows-amd64 JRE (1.8.0_231-b11), built on Oct  5 2019 03:11:30 by "java_re" with MS VC++ 10.0 (VS2010)
Memory: 4k page, physical 16694724k(8417888k free), swap 37666244k(16774944k free)
CommandLine flags: -XX:InitialHeapSize=4294967296 -XX:MaxHeapSize=4294967296 -XX:+PrintGC -XX:+PrintGCDateStamps -XX:+PrintGCDetails -XX:+PrintGCTimeStamps -XX:+UseCompressedClassPointers -XX:+UseCompressedOops -XX:-UseLargePagesIndividualAllocation -XX:+UseParallelGC 
2020-10-28T21:35:42.564+0800: 0.459: [GC (Allocation Failure) [PSYoungGen: 1048576K->174589K(1223168K)] 1048576K->240766K(4019712K), 0.0279364 secs] [Times: user=0.14 sys=0.09, real=0.03 secs] 
2020-10-28T21:35:42.694+0800: 0.589: [GC (Allocation Failure) [PSYoungGen: 1223165K->174591K(1223168K)] 1289342K->370638K(4019712K), 0.0344779 secs] [Times: user=0.11 sys=0.13, real=0.04 secs] 
2020-10-28T21:35:42.818+0800: 0.713: [GC (Allocation Failure) [PSYoungGen: 1223167K->174580K(1223168K)] 1419214K->505993K(4019712K), 0.0334372 secs] [Times: user=0.14 sys=0.08, real=0.03 secs] 
2020-10-28T21:35:42.946+0800: 0.841: [GC (Allocation Failure) [PSYoungGen: 1223156K->174578K(1223168K)] 1554569K->636109K(4019712K), 0.0331895 secs] [Times: user=0.17 sys=0.06, real=0.03 secs] 
2020-10-28T21:35:43.075+0800: 0.970: [GC (Allocation Failure) [PSYoungGen: 1223154K->174577K(1223168K)] 1684685K->754952K(4019712K), 0.0383085 secs] [Times: user=0.14 sys=0.06, real=0.04 secs] 
Heap
 PSYoungGen      total 1223168K, used 895347K [0x000000076ab00000, 0x00000007c0000000, 0x00000007c0000000)
  eden space 1048576K, 68% used [0x000000076ab00000,0x0000000796ae0818,0x00000007aab00000)
  from space 174592K, 99% used [0x00000007aab00000,0x00000007b557c620,0x00000007b5580000)
  to   space 174592K, 0% used [0x00000007b5580000,0x00000007b5580000,0x00000007c0000000)
 ParOldGen       total 2796544K, used 580375K [0x00000006c0000000, 0x000000076ab00000, 0x000000076ab00000)
  object space 2796544K, 20% used [0x00000006c0000000,0x00000006e36c5c58,0x000000076ab00000)
 Metaspace       used 2771K, capacity 4486K, committed 4864K, reserved 1056768K
  class space    used 307K, capacity 386K, committed 512K, reserved 1048576K
